../Core/Src/main.c:67:6:HAL_UART_RxCpltCallback	16	static
../Core/Src/main.c:85:6:HAL_TIM_PeriodElapsedCallback	16	static
../Core/Src/main.c:105:5:main	8	static
../Core/Src/main.c:154:6:SystemClock_Config	128	static
../Core/Src/main.c:205:13:MX_I2C1_Init	8	static
../Core/Src/main.c:253:13:MX_SPI1_Init	8	static
../Core/Src/main.c:293:13:MX_TIM2_Init	40	static
../Core/Src/main.c:338:13:MX_UART4_Init	8	static
../Core/Src/main.c:373:13:MX_USB_PCD_Init	8	static
../Core/Src/main.c:404:13:MX_GPIO_Init	48	static
../Core/Src/main.c:471:6:Error_Handler	4	static,ignoring_inline_asm
